// Jest Snapshot v1, https://goo.gl/fbAQLP

exports[`Config negative matches snapshot 1`] = `
Object {
  "error": Array [
    Object {
      "dataPath": "",
      "keyword": "type",
      "message": "should be object",
      "params": Object {
        "type": "object",
      },
      "schemaPath": "#/type",
    },
  ],
  "tag": false,
}
`;
