// Jest Snapshot v1, https://goo.gl/fbAQLP

exports[`error messages 1`] = `
"
GeneratorConstructingFailure
    Failed to build schema generator
    input:
        foo/bar/baz/abc.ts
        foo/bar/baz/def.ts
        foo/bar/baz/ghi.ts
    settings:
        undefined
"
`;

exports[`returns result matching snapshots 1`] = `
GeneratorConstructingFailure {
  "code": 11,
  "error": Object {
    "input": Array [
      "foo/bar/baz/abc.ts",
      "foo/bar/baz/def.ts",
      "foo/bar/baz/ghi.ts",
    ],
    "settings": undefined,
  },
  "value": undefined,
}
`;
