// Jest Snapshot v1, https://goo.gl/fbAQLP

exports[`error messages 1`] = `
"
GeneratorConstructingFailure
    Failed to build schema generator
    input:
        abc.ts
        def.ts
        ghi.ts
    settings:
        undefined
"
`;

exports[`returns result matching snapshots 1`] = `
GeneratorConstructingFailure {
  "code": 11,
  "error": Object {
    "input": Array [
      "abc.ts",
      "def.ts",
      "ghi.ts",
    ],
    "settings": undefined,
  },
  "value": undefined,
}
`;
