// Jest Snapshot v1, https://goo.gl/fbAQLP

exports[`snapshot 1`] = `
Array [
  Array [
    Array [],
    Object {
      "strict": true,
      "strictNullChecks": true,
    },
  ],
  Array [
    Array [
      "input-filename/input.ts",
    ],
    Object {
      "strict": true,
      "strictNullChecks": true,
    },
  ],
  Array [
    Array [
      "input-array/input/abc.ts",
      "input-array/input/def.ts",
      "input-array/input/ghi.ts",
    ],
    Object {
      "strict": true,
      "strictNullChecks": true,
    },
  ],
]
`;
